[      81ms] [ERROR] Failed to load resource: the server responded with a status of 404 (Not Found) @ http://localhost:8000/docs/screenshots/13-controller-validated.png:0
[      82ms] [ERROR] Failed to load resource: the server responded with a status of 404 (Not Found) @ http://localhost:8000/screenshots/02-dashboard.png:0
[      82ms] [ERROR] Failed to load resource: the server responded with a status of 404 (Not Found) @ http://localhost:8000/screenshots/01-login.png:0
[      82ms] [ERROR] Failed to load resource: the server responded with a status of 404 (Not Found) @ http://localhost:8000/docs/screenshots/14-controller-replay.png:0
[      86ms] [ERROR] Failed to load resource: the server responded with a status of 404 (Not Found) @ http://localhost:8000/screenshots/08-reports.png:0
[      89ms] [ERROR] Failed to load resource: the server responded with a status of 404 (Not Found) @ http://localhost:8000/screenshots/04-contracts.png:0
[      89ms] [ERROR] Failed to load resource: the server responded with a status of 404 (Not Found) @ http://localhost:8000/screenshots/05-tokens.png:0
[      89ms] [ERROR] Failed to load resource: the server responded with a status of 404 (Not Found) @ http://localhost:8000/screenshots/03-customer-360.png:0
[     123ms] [ERROR] Failed to load resource: the server responded with a status of 404 (Not Found) @ http://localhost:8000/screenshots/06-alerts.png:0
[     123ms] [ERROR] Failed to load resource: the server responded with a status of 404 (Not Found) @ http://localhost:8000/screenshots/12-controller-sokheng.png:0
[     123ms] [ERROR] Failed to load resource: the server responded with a status of 404 (Not Found) @ http://localhost:8000/screenshots/13-controller-validated.png:0
[     123ms] [ERROR] Failed to load resource: the server responded with a status of 404 (Not Found) @ http://localhost:8000/screenshots/07-devicemap.png:0
[     123ms] [ERROR] Failed to load resource: the server responded with a status of 404 (Not Found) @ http://localhost:8000/screenshots/09-settings.png:0
[     123ms] [ERROR] Failed to load resource: the server responded with a status of 404 (Not Found) @ http://localhost:8000/screenshots/14-controller-replay.png:0
[     123ms] [ERROR] Failed to load resource: the server responded with a status of 404 (Not Found) @ http://localhost:8000/screenshots/10-lockout.png:0
[  360398ms] [ERROR] Failed to load resource: the server responded with a status of 404 (Not Found) @ http://localhost:8000/docs/screenshots/13-controller-validated.png:0
[  360398ms] [ERROR] Failed to load resource: the server responded with a status of 404 (Not Found) @ http://localhost:8000/docs/screenshots/14-controller-replay.png:0
[  360411ms] [ERROR] Failed to load resource: the server responded with a status of 404 (Not Found) @ http://localhost:8000/screenshots/01-login.png:0
[  360411ms] [ERROR] Failed to load resource: the server responded with a status of 404 (Not Found) @ http://localhost:8000/screenshots/02-dashboard.png:0
[  360411ms] [ERROR] Failed to load resource: the server responded with a status of 404 (Not Found) @ http://localhost:8000/screenshots/08-reports.png:0
[  360411ms] [ERROR] Failed to load resource: the server responded with a status of 404 (Not Found) @ http://localhost:8000/screenshots/04-contracts.png:0
[  360411ms] [ERROR] Failed to load resource: the server responded with a status of 404 (Not Found) @ http://localhost:8000/screenshots/03-customer-360.png:0
[  360411ms] [ERROR] Failed to load resource: the server responded with a status of 404 (Not Found) @ http://localhost:8000/screenshots/05-tokens.png:0
[  360411ms] [ERROR] Failed to load resource: the server responded with a status of 404 (Not Found) @ http://localhost:8000/screenshots/06-alerts.png:0
[  360411ms] [ERROR] Failed to load resource: the server responded with a status of 404 (Not Found) @ http://localhost:8000/screenshots/12-controller-sokheng.png:0
[  360411ms] [ERROR] Failed to load resource: the server responded with a status of 404 (Not Found) @ http://localhost:8000/screenshots/13-controller-validated.png:0
[  360411ms] [ERROR] Failed to load resource: the server responded with a status of 404 (Not Found) @ http://localhost:8000/screenshots/14-controller-replay.png:0
[  360411ms] [ERROR] Failed to load resource: the server responded with a status of 404 (Not Found) @ http://localhost:8000/screenshots/07-devicemap.png:0
[  360411ms] [ERROR] Failed to load resource: the server responded with a status of 404 (Not Found) @ http://localhost:8000/screenshots/09-settings.png:0
[  360412ms] [ERROR] Failed to load resource: the server responded with a status of 404 (Not Found) @ http://localhost:8000/screenshots/10-lockout.png:0
